{
    "Should run without failures": {
        "content": [
            {
                "0": [
                    [
                        {
                            "id": "Sample1_S1_L001",
                            "samplename": "Sample1",
                            "fcid": "220422_M11111_0222_000000000-K9H97",
                            "lane": "1",
                            "empty": false,
                            "single_end": true,
                            "fastq_1": "Sample1_S1_L001_R1_001.fastq.gz"
                        },
                        "rnaseq_samplesheet.csv:md5,318d268fbbc83fd73b18778d81db260c"
                    ]
                ],
                "samplesheet": [
                    [
                        {
                            "id": "Sample1_S1_L001",
                            "samplename": "Sample1",
                            "fcid": "220422_M11111_0222_000000000-K9H97",
                            "lane": "1",
                            "empty": false,
                            "single_end": true,
                            "fastq_1": "Sample1_S1_L001_R1_001.fastq.gz"
                        },
                        "rnaseq_samplesheet.csv:md5,318d268fbbc83fd73b18778d81db260c"
                    ]
                ]
            }
        ],
        "meta": {
            "nf-test": "0.9.2",
            "nextflow": "25.04.6"
        },
        "timestamp": "2025-07-10T14:44:53.09173746"
    }
}