{
    "MKFASTQ": {
        "content": [
            13,
            {
                "CELLRANGER_MKFASTQ": {
                    "cellranger": "9.0.1"
                },
                "FASTP": {
                    "fastp": "0.24.0"
                },
                "MD5SUM": {
                    "md5sum": 9.5
                },
                "UNTAR_FLOWCELL": {
                    "untar": 1.34
                }
            },
            [
                "cellranger-tiny-bcl-simple",
                "cellranger-tiny-bcl-simple.lane1_no_adapters.csv",
                "cellranger-tiny-bcl-simple/InterOp",
                "cellranger-tiny-bcl-simple/InterOp/IndexMetricsOut.bin",
                "cellranger-tiny-bcl-simple/L001",
                "cellranger-tiny-bcl-simple/L001/Reports",
                "cellranger-tiny-bcl-simple/L001/Reports/html",
                "cellranger-tiny-bcl-simple/L001/Reports/html/H35KCBCXY",
                "cellranger-tiny-bcl-simple/L001/Reports/html/H35KCBCXY/all",
                "cellranger-tiny-bcl-simple/L001/Reports/html/H35KCBCXY/all/all",
                "cellranger-tiny-bcl-simple/L001/Reports/html/H35KCBCXY/all/all/all",
                "cellranger-tiny-bcl-simple/L001/Reports/html/H35KCBCXY/all/all/unknown",
                "cellranger-tiny-bcl-simple/L001/Reports/html/H35KCBCXY/default",
                "cellranger-tiny-bcl-simple/L001/Reports/html/H35KCBCXY/default/Undetermined",
                "cellranger-tiny-bcl-simple/L001/Reports/html/H35KCBCXY/default/Undetermined/all",
                "cellranger-tiny-bcl-simple/L001/Reports/html/H35KCBCXY/default/Undetermined/unknown",
                "cellranger-tiny-bcl-simple/L001/Reports/html/H35KCBCXY/default/all",
                "cellranger-tiny-bcl-simple/L001/Reports/html/H35KCBCXY/default/all/all",
                "cellranger-tiny-bcl-simple/L001/Reports/html/H35KCBCXY/default/all/unknown",
                "cellranger-tiny-bcl-simple/L001/Reports/html/H35KCBCXY/p1",
                "cellranger-tiny-bcl-simple/L001/Reports/html/H35KCBCXY/p1/all",
                "cellranger-tiny-bcl-simple/L001/Reports/html/H35KCBCXY/p1/all/all",
                "cellranger-tiny-bcl-simple/L001/Reports/html/H35KCBCXY/p1/all/unknown",
                "cellranger-tiny-bcl-simple/L001/Reports/html/H35KCBCXY/p1/test_sample_S1",
                "cellranger-tiny-bcl-simple/L001/Reports/html/H35KCBCXY/p1/test_sample_S1/AGATCGGT",
                "cellranger-tiny-bcl-simple/L001/Reports/html/H35KCBCXY/p1/test_sample_S1/all",
                "cellranger-tiny-bcl-simple/L001/Reports/html/H35KCBCXY/p1/test_sample_S1/unknown",
                "cellranger-tiny-bcl-simple/L001/Reports/html/H35KCBCXY/p1/test_sample_S2",
                "cellranger-tiny-bcl-simple/L001/Reports/html/H35KCBCXY/p1/test_sample_S2/CATCGTCG",
                "cellranger-tiny-bcl-simple/L001/Reports/html/H35KCBCXY/p1/test_sample_S2/all",
                "cellranger-tiny-bcl-simple/L001/Reports/html/H35KCBCXY/p1/test_sample_S2/unknown",
                "cellranger-tiny-bcl-simple/L001/Reports/html/H35KCBCXY/p1/test_sample_S3",
                "cellranger-tiny-bcl-simple/L001/Reports/html/H35KCBCXY/p1/test_sample_S3/GTCATATA",
                "cellranger-tiny-bcl-simple/L001/Reports/html/H35KCBCXY/p1/test_sample_S3/all",
                "cellranger-tiny-bcl-simple/L001/Reports/html/H35KCBCXY/p1/test_sample_S3/unknown",
                "cellranger-tiny-bcl-simple/L001/Reports/html/H35KCBCXY/p1/test_sample_S4",
                "cellranger-tiny-bcl-simple/L001/Reports/html/H35KCBCXY/p1/test_sample_S4/TCGGACAC",
                "cellranger-tiny-bcl-simple/L001/Reports/html/H35KCBCXY/p1/test_sample_S4/all",
                "cellranger-tiny-bcl-simple/L001/Reports/html/H35KCBCXY/p1/test_sample_S4/unknown",
                "cellranger-tiny-bcl-simple/L001/Stats",
                "cellranger-tiny-bcl-simple/L001/Stats/AdapterTrimming.txt",
                "cellranger-tiny-bcl-simple/L001/Stats/ConversionStats.xml",
                "cellranger-tiny-bcl-simple/L001/Stats/DemultiplexingStats.xml",
                "cellranger-tiny-bcl-simple/L001/Stats/DemuxSummaryF1L1.txt",
                "cellranger-tiny-bcl-simple/L001/Stats/FastqSummaryF1L1.txt",
                "cellranger-tiny-bcl-simple/L001/Stats/Stats.json",
                "cellranger-tiny-bcl-simple/L001/test_sample_S1_L001.fastp.html",
                "cellranger-tiny-bcl-simple/L001/test_sample_S1_L001.fastp.json",
                "cellranger-tiny-bcl-simple/L001/test_sample_S1_L001_1.fastp.fastq.gz",
                "cellranger-tiny-bcl-simple/L001/test_sample_S1_L001_1.fastp.fastq.gz.md5",
                "cellranger-tiny-bcl-simple/L001/test_sample_S1_L001_2.fastp.fastq.gz",
                "cellranger-tiny-bcl-simple/L001/test_sample_S1_L001_2.fastp.fastq.gz.md5",
                "cellranger-tiny-bcl-simple/L001/test_sample_S1_L001_I1_001.fastp.fastq.gz",
                "cellranger-tiny-bcl-simple/L001/test_sample_S1_L001_I1_001.fastp.fastq.gz.md5",
                "cellranger-tiny-bcl-simple/L001/test_sample_S1_L001_I1_001.fastp.html",
                "cellranger-tiny-bcl-simple/L001/test_sample_S1_L001_I1_001.fastp.json",
                "cellranger-tiny-bcl-simple/L001/test_sample_S1_L001_I1_001.fastq.gz",
                "cellranger-tiny-bcl-simple/L001/test_sample_S1_L001_R1_001.fastq.gz",
                "cellranger-tiny-bcl-simple/L001/test_sample_S1_L001_R2_001.fastq.gz",
                "cellranger-tiny-bcl-simple/L001/undetermined",
                "cellranger-tiny-bcl-simple/L001/undetermined/Undetermined_S0_L001_I1_001.fastq.gz",
                "cellranger-tiny-bcl-simple/L001/undetermined/Undetermined_S0_L001_R1_001.fastq.gz",
                "cellranger-tiny-bcl-simple/L001/undetermined/Undetermined_S0_L001_R2_001.fastq.gz",
                "multiqc",
                "multiqc/multiqc_data",
                "multiqc/multiqc_data/BETA-multiqc.parquet",
                "multiqc/multiqc_data/fastp-seq-content-gc-plot_Read_1_After_filtering.txt",
                "multiqc/multiqc_data/fastp-seq-content-gc-plot_Read_1_Before_filtering.txt",
                "multiqc/multiqc_data/fastp-seq-content-gc-plot_Read_2_After_filtering.txt",
                "multiqc/multiqc_data/fastp-seq-content-gc-plot_Read_2_Before_filtering.txt",
                "multiqc/multiqc_data/fastp-seq-content-n-plot_Read_1_After_filtering.txt",
                "multiqc/multiqc_data/fastp-seq-content-n-plot_Read_1_Before_filtering.txt",
                "multiqc/multiqc_data/fastp-seq-content-n-plot_Read_2_After_filtering.txt",
                "multiqc/multiqc_data/fastp-seq-content-n-plot_Read_2_Before_filtering.txt",
                "multiqc/multiqc_data/fastp-seq-quality-plot_Read_1_After_filtering.txt",
                "multiqc/multiqc_data/fastp-seq-quality-plot_Read_1_Before_filtering.txt",
                "multiqc/multiqc_data/fastp-seq-quality-plot_Read_2_After_filtering.txt",
                "multiqc/multiqc_data/fastp-seq-quality-plot_Read_2_Before_filtering.txt",
                "multiqc/multiqc_data/fastp_filtered_reads_plot.txt",
                "multiqc/multiqc_data/llms-full.txt",
                "multiqc/multiqc_data/multiqc.log",
                "multiqc/multiqc_data/multiqc_citations.txt",
                "multiqc/multiqc_data/multiqc_data.json",
                "multiqc/multiqc_data/multiqc_fastp.txt",
                "multiqc/multiqc_data/multiqc_general_stats.txt",
                "multiqc/multiqc_data/multiqc_software_versions.txt",
                "multiqc/multiqc_data/multiqc_sources.txt",
                "multiqc/multiqc_plots",
                "multiqc/multiqc_plots/pdf",
                "multiqc/multiqc_plots/pdf/fastp-seq-content-gc-plot_Read_1_After_filtering.pdf",
                "multiqc/multiqc_plots/pdf/fastp-seq-content-gc-plot_Read_1_Before_filtering.pdf",
                "multiqc/multiqc_plots/pdf/fastp-seq-content-gc-plot_Read_2_After_filtering.pdf",
                "multiqc/multiqc_plots/pdf/fastp-seq-content-gc-plot_Read_2_Before_filtering.pdf",
                "multiqc/multiqc_plots/pdf/fastp-seq-content-n-plot_Read_1_After_filtering.pdf",
                "multiqc/multiqc_plots/pdf/fastp-seq-content-n-plot_Read_1_Before_filtering.pdf",
                "multiqc/multiqc_plots/pdf/fastp-seq-content-n-plot_Read_2_After_filtering.pdf",
                "multiqc/multiqc_plots/pdf/fastp-seq-content-n-plot_Read_2_Before_filtering.pdf",
                "multiqc/multiqc_plots/pdf/fastp-seq-quality-plot_Read_1_After_filtering.pdf",
                "multiqc/multiqc_plots/pdf/fastp-seq-quality-plot_Read_1_Before_filtering.pdf",
                "multiqc/multiqc_plots/pdf/fastp-seq-quality-plot_Read_2_After_filtering.pdf",
                "multiqc/multiqc_plots/pdf/fastp-seq-quality-plot_Read_2_Before_filtering.pdf",
                "multiqc/multiqc_plots/pdf/fastp_filtered_reads_plot-cnt.pdf",
                "multiqc/multiqc_plots/pdf/fastp_filtered_reads_plot-pct.pdf",
                "multiqc/multiqc_plots/png",
                "multiqc/multiqc_plots/png/fastp-seq-content-gc-plot_Read_1_After_filtering.png",
                "multiqc/multiqc_plots/png/fastp-seq-content-gc-plot_Read_1_Before_filtering.png",
                "multiqc/multiqc_plots/png/fastp-seq-content-gc-plot_Read_2_After_filtering.png",
                "multiqc/multiqc_plots/png/fastp-seq-content-gc-plot_Read_2_Before_filtering.png",
                "multiqc/multiqc_plots/png/fastp-seq-content-n-plot_Read_1_After_filtering.png",
                "multiqc/multiqc_plots/png/fastp-seq-content-n-plot_Read_1_Before_filtering.png",
                "multiqc/multiqc_plots/png/fastp-seq-content-n-plot_Read_2_After_filtering.png",
                "multiqc/multiqc_plots/png/fastp-seq-content-n-plot_Read_2_Before_filtering.png",
                "multiqc/multiqc_plots/png/fastp-seq-quality-plot_Read_1_After_filtering.png",
                "multiqc/multiqc_plots/png/fastp-seq-quality-plot_Read_1_Before_filtering.png",
                "multiqc/multiqc_plots/png/fastp-seq-quality-plot_Read_2_After_filtering.png",
                "multiqc/multiqc_plots/png/fastp-seq-quality-plot_Read_2_Before_filtering.png",
                "multiqc/multiqc_plots/png/fastp_filtered_reads_plot-cnt.png",
                "multiqc/multiqc_plots/png/fastp_filtered_reads_plot-pct.png",
                "multiqc/multiqc_plots/svg",
                "multiqc/multiqc_plots/svg/fastp-seq-content-gc-plot_Read_1_After_filtering.svg",
                "multiqc/multiqc_plots/svg/fastp-seq-content-gc-plot_Read_1_Before_filtering.svg",
                "multiqc/multiqc_plots/svg/fastp-seq-content-gc-plot_Read_2_After_filtering.svg",
                "multiqc/multiqc_plots/svg/fastp-seq-content-gc-plot_Read_2_Before_filtering.svg",
                "multiqc/multiqc_plots/svg/fastp-seq-content-n-plot_Read_1_After_filtering.svg",
                "multiqc/multiqc_plots/svg/fastp-seq-content-n-plot_Read_1_Before_filtering.svg",
                "multiqc/multiqc_plots/svg/fastp-seq-content-n-plot_Read_2_After_filtering.svg",
                "multiqc/multiqc_plots/svg/fastp-seq-content-n-plot_Read_2_Before_filtering.svg",
                "multiqc/multiqc_plots/svg/fastp-seq-quality-plot_Read_1_After_filtering.svg",
                "multiqc/multiqc_plots/svg/fastp-seq-quality-plot_Read_1_Before_filtering.svg",
                "multiqc/multiqc_plots/svg/fastp-seq-quality-plot_Read_2_After_filtering.svg",
                "multiqc/multiqc_plots/svg/fastp-seq-quality-plot_Read_2_Before_filtering.svg",
                "multiqc/multiqc_plots/svg/fastp_filtered_reads_plot-cnt.svg",
                "multiqc/multiqc_plots/svg/fastp_filtered_reads_plot-pct.svg",
                "multiqc/multiqc_report.html",
                "pipeline_info",
                "pipeline_info/nf_core_demultiplex_software_mqc_versions.yml",
                "samplesheet",
                "samplesheet/atacseq_samplesheet.csv",
                "samplesheet/methylseq_samplesheet.csv",
                "samplesheet/rnaseq_samplesheet.csv",
                "samplesheet/sarek_samplesheet.csv",
                "samplesheet/taxprofiler_samplesheet.csv"
            ],
            [
                "cellranger-tiny-bcl-simple.lane1_no_adapters.csv:md5,86a945ab9d579c7bc98d43f76a07118b",
                "IndexMetricsOut.bin:md5,e2ac28695537336b53a509f48e93ed1f",
                "AdapterTrimming.txt:md5,522b8c57ed2a84da31ec3edda9424b60",
                "DemultiplexingStats.xml:md5,60cce68e6a27371dc257ca9f65e14cc1",
                "FastqSummaryF1L1.txt:md5,876f188644f5e12eca513baeff158306",
                "test_sample_S1_L001.fastp.json:md5,644aaed265a12dfeffbd4e06c0461b5f",
                "test_sample_S1_L001_1.fastp.fastq.gz:md5,b348491a3b1afa096fde514dbdf55215",
                "test_sample_S1_L001_1.fastp.fastq.gz.md5:md5,43d7882f3aaae47b56df56da6c802236",
                "test_sample_S1_L001_2.fastp.fastq.gz:md5,1c60f1f3958b8b2b0255b9fae6df0b3d",
                "test_sample_S1_L001_2.fastp.fastq.gz.md5:md5,01d742cc56639c476b0bac0c094eba4b",
                "test_sample_S1_L001_I1_001.fastp.fastq.gz.md5:md5,82e397b4a2418f27269a30f6ca0e349e",
                "test_sample_S1_L001_I1_001.fastp.json:md5,3fe01149f82436c2a9cfb7a3f948cae7",
                "test_sample_S1_L001_I1_001.fastq.gz:md5,018b0dbd8daf76fb9f6dfa4729ea0453",
                "test_sample_S1_L001_R1_001.fastq.gz:md5,df3ddf85d83bd722219c646c7815dbdc",
                "test_sample_S1_L001_R2_001.fastq.gz:md5,c8a387b517ff5b7e56b85ccbf882efd2",
                "Undetermined_S0_L001_I1_001.fastq.gz:md5,c93946d67bdb1d5b2ab955fd1dc9cb31",
                "Undetermined_S0_L001_R1_001.fastq.gz:md5,faa79ce215ae72fdc3375cda066c6757",
                "Undetermined_S0_L001_R2_001.fastq.gz:md5,d8955db4dfbf7aee89b6bdc3b7629f8f",
                "fastp-seq-content-gc-plot_Read_1_After_filtering.txt:md5,f5dc52391b1156ffa1caad846f02e88a",
                "fastp-seq-content-gc-plot_Read_1_Before_filtering.txt:md5,3c7730e3eeb0e2524b0a84b082c19040",
                "fastp-seq-content-gc-plot_Read_2_After_filtering.txt:md5,cf19027c8924711a92ffc712e11994a4",
                "fastp-seq-content-gc-plot_Read_2_Before_filtering.txt:md5,b218d5110bbb46b6099c5fa641c0bbbe",
                "fastp-seq-content-n-plot_Read_1_After_filtering.txt:md5,7479288d0316984f48f6d43583ba65e1",
                "fastp-seq-content-n-plot_Read_1_Before_filtering.txt:md5,8090c7fcc95f4c5527d6ba2787df6a5c",
                "fastp-seq-content-n-plot_Read_2_After_filtering.txt:md5,06f5fb24170ebfcb757326896d3fff51",
                "fastp-seq-content-n-plot_Read_2_Before_filtering.txt:md5,06f5fb24170ebfcb757326896d3fff51",
                "fastp-seq-quality-plot_Read_1_After_filtering.txt:md5,5b8251e28d148e98f77d92f67dc2d313",
                "fastp-seq-quality-plot_Read_1_Before_filtering.txt:md5,701d4a7b730bbd3e8b457fa2b1264854",
                "fastp-seq-quality-plot_Read_2_After_filtering.txt:md5,ded490380dd008471600ac0db77d2352",
                "fastp-seq-quality-plot_Read_2_Before_filtering.txt:md5,7589da8503fc943b303a9e4ad2217336",
                "fastp_filtered_reads_plot.txt:md5,7e8fa7af8a275956f032d8b9031590af",
                "multiqc_citations.txt:md5,d35df50e9903a96a2b3bce3c1fbc8ad2"
            ],
            [
                [
                    "atacseq_samplesheet.csv",
                    true
                ],
                [
                    "methylseq_samplesheet.csv",
                    true
                ],
                [
                    "rnaseq_samplesheet.csv",
                    true
                ],
                [
                    "sarek_samplesheet.csv",
                    true
                ],
                [
                    "taxprofiler_samplesheet.csv",
                    true
                ]
            ]
        ],
        "meta": {
            "nf-test": "0.9.2",
            "nextflow": "25.04.6"
        },
        "timestamp": "2025-07-15T20:02:15.40566552"
    }
}