{
    "sim-data.tar.gz - bcl -stub": {
        "content": [
            [
                [
                    {
                        "id": "sim-data"
                    },
                    "Metrics.csv:md5,d41d8cd98f00b204e9800998ecf8427e"
                ]
            ],
            [
                [
                    {
                        "id": "sim-data"
                    },
                    "RunManifest.json:md5,d41d8cd98f00b204e9800998ecf8427e"
                ]
            ],
            [
                [
                    {
                        "id": "sim-data"
                    },
                    "UnassignedSequences.csv:md5,d41d8cd98f00b204e9800998ecf8427e"
                ]
            ],
            [
                [
                    {
                        "id": "sim-data"
                    },
                    [
                        "DefaultSample_R1.fastq.gz:md5,68b329da9893e34099c7d8ad5cb9c940",
                        "DefaultSample_R2.fastq.gz:md5,68b329da9893e34099c7d8ad5cb9c940"
                    ]
                ]
            ],
            [
                "versions.yml:md5,d41d8cd98f00b204e9800998ecf8427e"
            ],
            "Bases2Fastq-Sim_QC.html",
            "RunStats.json",
            "DefaultSample_stats.json"
        ],
        "meta": {
            "nf-test": "0.9.2",
            "nextflow": "25.04.6"
        },
        "timestamp": "2025-10-27T14:56:40.499735343"
    },
    "sim-data.tar.gz - bcl": {
        "content": [
            [
                [
                    {
                        "id": "sim-data"
                    },
                    "Metrics.csv:md5,1db1769b9b5917b8353e05bf8fd699c7"
                ]
            ],
            [
                [
                    {
                        "id": "sim-data"
                    },
                    "RunManifest.json:md5,d584cdf00f577937a6cb691bb5331fe8"
                ]
            ],
            [
                [
                    {
                        "id": "sim-data"
                    },
                    "UnassignedSequences.csv:md5,11c1693830ce941b8cfb8d2431a59097"
                ]
            ],
            [
                [
                    {
                        "id": "sim-data"
                    },
                    [
                        "DefaultSample_R1.fastq.gz:md5,44ff0899ad4568a5cab7ccb7df9928e8",
                        "DefaultSample_R2.fastq.gz:md5,f57acd0136bac5780d1592a5de7005ef"
                    ]
                ]
            ],
            [
                "versions.yml:md5,757e8e083d5804e0ef04d5ee4fd03a3f"
            ],
            "20230404-Bases2Fastq-Sim_QC.html",
            "multiqc_report.html",
            "RunStats.json",
            "DefaultSample_stats.json"
        ],
        "meta": {
            "nf-test": "0.9.2",
            "nextflow": "25.04.6"
        },
        "timestamp": "2025-10-27T15:17:21.580320078"
    }
}